create table STUDENT ( 
reg_no number (5), 
stu_name varchar(20), 
stu_age number(5), 
stu_dob date, 
subject1_marks number (4,2), 
subject2_marks  number(4,2),  
subject3_marks number(4,1));



insert into STUDENT values(102,'jenniffer',17,'25-dec-87',75,50,100);

insert into STUDENT( reg_no, stu_name, stu_age, subject1_marks,subject2_marks,subject3_marks) values(103,'john doe', 16,60,90,91);

insert into STUDENT values(&number, '&name', &age, '&date', &sub1, &sub2, &sub3);

alter table STUDENT add (GENDER char(1) default 'M');



SQL> delete from student;

3 rows deleted.

SQL> rollback;







SQL> drop table student;

Table dropped.

SQL> select * from student;
select * from student
              *
ERROR at line 1:
ORA-00942: table or view does not exist


SQL> rollback;

Rollback complete.

SQL> select * from student;
select * from student
              *
ERROR at line 1:
ORA-00942: table or view does not exist







LAB 1 EXERCISE


create table employee (emp_no number(5),emp_name varchar(20),emp_address varchar(20));

insert into employee values (10000,'A','Brighton');
insert into employee values (10001,'B','Manipal');
insert into employee values (10002,'C','Manipal');
insert into employee values (10003,'D','Mangalore');
insert into employee values (10004,'E','Worchestershire');

select emp_name name from employee;

select emp_name, emp_address from employee where EMP_Address='Manipal';

Alter table employee add(Salary number(6) default 0);

update employee set salary=800000 where salary=0;

desc employee;

delete from employee where EMP_ADDRESS = 'Mangalore';

rename employee to employee1;

drop table employee1;